============================================================
[NAV2 AMR2 - STANDALONE] AMR1과 완전 분리 실행
[DOMAIN] ROS_DOMAIN_ID=117
[POSE V2.12] AMR2 실제 Isaac /amr2/world_pose를 6회 안정 확인 후 그대로 자동 잠금
[MAP] /amr2/map + /amr2/map_server/load_map (AMR1 맵 전환과 독립)
[LOCAL] /amr2/local_costmap/*
[NAV] /amr2/controller_server /amr2/follow_path /amr2/center_goal
[TF] /amr2/tf, /amr2/tf_static
============================================================
[INFO] [launch]: All log files can be found below /home/peter-msi/.ros/log/2026-08-11-18-29-21-547989-peter-msi-339097
[INFO] [launch]: Default logging verbosity is set to INFO
[INFO] [map_server-1]: process started with pid [339119]
[INFO] [lifecycle_manager-2]: process started with pid [339121]
[INFO] [robot_state_publisher-3]: process started with pid [339123]
[INFO] [pose_lock_localizer-4]: process started with pid [339125]
[INFO] [world_pose_initializer-5]: process started with pid [339127]
[INFO] [controller_server-6]: process started with pid [339129]
[INFO] [smoother_server-7]: process started with pid [339131]
[INFO] [planner_server-8]: process started with pid [339133]
[INFO] [behavior_server-9]: process started with pid [339135]
[INFO] [bt_navigator-10]: process started with pid [339137]
[INFO] [waypoint_follower-11]: process started with pid [339139]
[INFO] [velocity_smoother-12]: process started with pid [339141]
[INFO] [lifecycle_manager-13]: process started with pid [339143]
[INFO] [centerline_navigator-14]: process started with pid [339145]
[INFO] [rviz2-15]: process started with pid [339147]
[lifecycle_manager-13] [INFO] [1786440561.715190911] [amr2.lifecycle_manager_navigation]: Creating
[lifecycle_manager-13] [INFO] [1786440561.718820037] [amr2.lifecycle_manager_navigation]: [34m[1mCreating and initializing lifecycle service clients[0m[0m
[lifecycle_manager-2] [INFO] [1786440561.720544836] [amr2.lifecycle_manager_map]: Creating
[lifecycle_manager-2] [INFO] [1786440561.725800074] [amr2.lifecycle_manager_map]: [34m[1mCreating and initializing lifecycle service clients[0m[0m
[robot_state_publisher-3] [INFO] [1786440561.725949846] [amr2.robot_state_publisher]: got segment base_link
[robot_state_publisher-3] [INFO] [1786440561.726066155] [amr2.robot_state_publisher]: got segment base_scan
[behavior_server-9] [INFO] [1786440561.726037822] [amr2.behavior_server]: 
[behavior_server-9] 	behavior_server lifecycle node launched. 
[behavior_server-9] 	Waiting on external lifecycle transitions to activate
[behavior_server-9] 	See https://design.ros2.org/articles/node_lifecycle.html for more information.
[controller_server-6] [INFO] [1786440561.735198276] [amr2.controller_server]: 
[controller_server-6] 	controller_server lifecycle node launched. 
[controller_server-6] 	Waiting on external lifecycle transitions to activate
[controller_server-6] 	See https://design.ros2.org/articles/node_lifecycle.html for more information.
[velocity_smoother-12] [INFO] [1786440561.739536528] [amr2.velocity_smoother]: 
[velocity_smoother-12] 	velocity_smoother lifecycle node launched. 
[velocity_smoother-12] 	Waiting on external lifecycle transitions to activate
[velocity_smoother-12] 	See https://design.ros2.org/articles/node_lifecycle.html for more information.
[planner_server-8] [INFO] [1786440561.741135609] [amr2.planner_server]: 
[planner_server-8] 	planner_server lifecycle node launched. 
[planner_server-8] 	Waiting on external lifecycle transitions to activate
[planner_server-8] 	See https://design.ros2.org/articles/node_lifecycle.html for more information.
[controller_server-6] [INFO] [1786440561.741485298] [amr2.controller_server]: Creating controller server
[planner_server-8] [INFO] [1786440561.743805809] [amr2.planner_server]: Creating
[waypoint_follower-11] [INFO] [1786440561.752133014] [amr2.waypoint_follower]: 
[waypoint_follower-11] 	waypoint_follower lifecycle node launched. 
[waypoint_follower-11] 	Waiting on external lifecycle transitions to activate
[waypoint_follower-11] 	See https://design.ros2.org/articles/node_lifecycle.html for more information.
[waypoint_follower-11] [INFO] [1786440561.752745848] [amr2.waypoint_follower]: Creating
[smoother_server-7] [INFO] [1786440561.756712910] [amr2.smoother_server]: 
[smoother_server-7] 	smoother_server lifecycle node launched. 
[smoother_server-7] 	Waiting on external lifecycle transitions to activate
[smoother_server-7] 	See https://design.ros2.org/articles/node_lifecycle.html for more information.
[smoother_server-7] [INFO] [1786440561.758488064] [amr2.smoother_server]: Creating smoother server
[map_server-1] [INFO] [1786440561.761625533] [amr2.map_server]: 
[map_server-1] 	map_server lifecycle node launched. 
[map_server-1] 	Waiting on external lifecycle transitions to activate
[map_server-1] 	See https://design.ros2.org/articles/node_lifecycle.html for more information.
[map_server-1] [INFO] [1786440561.761790524] [amr2.map_server]: Creating
[bt_navigator-10] [INFO] [1786440561.776131346] [amr2.bt_navigator]: 
[bt_navigator-10] 	bt_navigator lifecycle node launched. 
[bt_navigator-10] 	Waiting on external lifecycle transitions to activate
[bt_navigator-10] 	See https://design.ros2.org/articles/node_lifecycle.html for more information.
[bt_navigator-10] [INFO] [1786440561.776291428] [amr2.bt_navigator]: Creating
[planner_server-8] [INFO] [1786440561.784642738] [amr2.global_costmap.global_costmap]: 
[planner_server-8] 	global_costmap lifecycle node launched. 
[planner_server-8] 	Waiting on external lifecycle transitions to activate
[planner_server-8] 	See https://design.ros2.org/articles/node_lifecycle.html for more information.
[planner_server-8] [INFO] [1786440561.785256514] [amr2.global_costmap.global_costmap]: Creating Costmap
[controller_server-6] [INFO] [1786440561.797359440] [amr2.local_costmap.local_costmap]: 
[controller_server-6] 	local_costmap lifecycle node launched. 
[controller_server-6] 	Waiting on external lifecycle transitions to activate
[controller_server-6] 	See https://design.ros2.org/articles/node_lifecycle.html for more information.
[controller_server-6] [INFO] [1786440561.797886653] [amr2.local_costmap.local_costmap]: Creating Costmap
[lifecycle_manager-2] [INFO] [1786440561.863509498] [amr2.lifecycle_manager_map]: [34m[1mStarting managed nodes bringup...[0m[0m
[lifecycle_manager-2] [INFO] [1786440561.863567267] [amr2.lifecycle_manager_map]: [34m[1mConfiguring map_server[0m[0m
[map_server-1] [INFO] [1786440561.865337882] [amr2.map_server]: Configuring
[map_server-1] [INFO] [1786440561.865437500] [map_io]: Loading yaml file: /home/peter-msi/hospital/hospital_total_08091221_TRAY_360_LIDAR_GATE_INTEGRATED_v2_17_13_TRANSPORT_X3_ALL/ros2_ws/install/hospital_nav2/share/hospital_nav2/maps/hospital_map_1f.yaml
[map_server-1] [INFO] [1786440561.868326000] [map_io]: resolution: 0.05
[map_server-1] [INFO] [1786440561.868347190] [map_io]: origin[0]: -49.625
[map_server-1] [INFO] [1786440561.868353482] [map_io]: origin[1]: -4.775
[map_server-1] [INFO] [1786440561.868358612] [map_io]: origin[2]: 0
[map_server-1] [INFO] [1786440561.868364072] [map_io]: free_thresh: 0.196
[map_server-1] [INFO] [1786440561.868369192] [map_io]: occupied_thresh: 0.65
[map_server-1] [INFO] [1786440561.868375263] [map_io]: mode: trinary
[map_server-1] [INFO] [1786440561.868380984] [map_io]: negate: 0
[map_server-1] [INFO] [1786440561.868604525] [map_io]: Loading image_file: /home/peter-msi/hospital/hospital_total_08091221_TRAY_360_LIDAR_GATE_INTEGRATED_v2_17_13_TRANSPORT_X3_ALL/ros2_ws/install/hospital_nav2/share/hospital_nav2/maps/hospital_map_1f.png
[map_server-1] [INFO] [1786440562.033759143] [map_io]: Read map /home/peter-msi/hospital/hospital_total_08091221_TRAY_360_LIDAR_GATE_INTEGRATED_v2_17_13_TRANSPORT_X3_ALL/ros2_ws/install/hospital_nav2/share/hospital_nav2/maps/hospital_map_1f.png: 1528 X 841 map @ 0.05 m/cell
[lifecycle_manager-2] [INFO] [1786440562.046015719] [amr2.lifecycle_manager_map]: [34m[1mActivating map_server[0m[0m
[map_server-1] [INFO] [1786440562.047129367] [amr2.map_server]: Activating
[map_server-1] [INFO] [1786440562.048496832] [amr2.map_server]: Creating bond (map_server) to lifecycle manager.
[lifecycle_manager-2] [INFO] [1786440562.056936509] [amr2.lifecycle_manager_map]: [34m[1mManaged nodes are active[0m[0m
[lifecycle_manager-13] [INFO] [1786440562.092280060] [amr2.lifecycle_manager_navigation]: [34m[1mStarting managed nodes bringup...[0m[0m
[lifecycle_manager-13] [INFO] [1786440562.093002281] [amr2.lifecycle_manager_navigation]: [34m[1mConfiguring controller_server[0m[0m
[controller_server-6] [INFO] [1786440562.093465593] [amr2.controller_server]: Configuring controller interface
[controller_server-6] [INFO] [1786440562.094965819] [amr2.controller_server]: getting goal checker plugins..
[controller_server-6] [INFO] [1786440562.098180063] [amr2.controller_server]: Controller frequency set to 15.0000Hz
[controller_server-6] [INFO] [1786440562.098247861] [amr2.local_costmap.local_costmap]: Configuring
[world_pose_initializer-5] [INFO] [1786440562.103426605] [amr2.world_pose_initializer]: AMR2 actual Isaac world pose -> automatic initial pose; wait stable 6 samples
[controller_server-6] [INFO] [1786440562.162480296] [amr2.local_costmap.local_costmap]: Using plugin "voxel_layer"
[controller_server-6] [INFO] [1786440562.168119197] [amr2.local_costmap.local_costmap]: Subscribed to Topics: scan
[pose_lock_localizer-4] [INFO] [1786440562.188953509] [amr2.pose_lock_localizer]: 첫 2D Pose Estimate 1회만 사용합니다. AMCL/ParticleCloud는 실행하지 않습니다.
[controller_server-6] [INFO] [1786440562.196732772] [amr2.local_costmap.local_costmap]: Initialized plugin "voxel_layer"
[controller_server-6] [INFO] [1786440562.196777336] [amr2.local_costmap.local_costmap]: Using plugin "inflation_layer"
[controller_server-6] [INFO] [1786440562.199192705] [amr2.local_costmap.local_costmap]: Initialized plugin "inflation_layer"
[controller_server-6] [ERROR] [1786440562.209419859] [amr2.local_costmap.local_costmap]: The configured inflation radius (0.300) is smaller than the computed inscribed radius (0.370) of your footprint, it is highly recommended to set inflation radius to be at least as big as the inscribed radius to avoid collisions
[controller_server-6] [INFO] [1786440562.215671895] [amr2.controller_server]: Created progress_checker : progress_checker of type nav2_controller::SimpleProgressChecker
[controller_server-6] [INFO] [1786440562.217108411] [amr2.controller_server]: Created goal checker : general_goal_checker of type nav2_controller::SimpleGoalChecker
[controller_server-6] [INFO] [1786440562.218004679] [amr2.controller_server]: Controller Server has general_goal_checker  goal checkers available.
[controller_server-6] [INFO] [1786440562.219955122] [amr2.controller_server]: Created controller : FollowPath of type dwb_core::DWBLocalPlanner
[controller_server-6] [INFO] [1786440562.231600647] [amr2.controller_server]: Setting transform_tolerance to 0.400000
[controller_server-6] [INFO] [1786440562.268534224] [amr2.controller_server]: Using critic "RotateToGoal" (dwb_critics::RotateToGoalCritic)
[controller_server-6] [INFO] [1786440562.270113699] [amr2.controller_server]: Critic plugin initialized
[controller_server-6] [INFO] [1786440562.270537527] [amr2.controller_server]: Using critic "Oscillation" (dwb_critics::OscillationCritic)
[controller_server-6] [INFO] [1786440562.273758424] [amr2.controller_server]: Critic plugin initialized
[controller_server-6] [INFO] [1786440562.274320302] [amr2.controller_server]: Using critic "BaseObstacle" (dwb_critics::BaseObstacleCritic)
[controller_server-6] [INFO] [1786440562.275280210] [amr2.controller_server]: Critic plugin initialized
[controller_server-6] [INFO] [1786440562.276297496] [amr2.controller_server]: Using critic "GoalAlign" (dwb_critics::GoalAlignCritic)
[controller_server-6] [INFO] [1786440562.278081035] [amr2.controller_server]: Critic plugin initialized
[controller_server-6] [INFO] [1786440562.278556010] [amr2.controller_server]: Using critic "PathAlign" (dwb_critics::PathAlignCritic)
[controller_server-6] [INFO] [1786440562.280014297] [amr2.controller_server]: Critic plugin initialized
[controller_server-6] [INFO] [1786440562.280579932] [amr2.controller_server]: Using critic "PathDist" (dwb_critics::PathDistCritic)
[controller_server-6] [INFO] [1786440562.281698199] [amr2.controller_server]: Critic plugin initialized
[controller_server-6] [INFO] [1786440562.282525026] [amr2.controller_server]: Using critic "GoalDist" (dwb_critics::GoalDistCritic)
[controller_server-6] [INFO] [1786440562.283423929] [amr2.controller_server]: Critic plugin initialized
[controller_server-6] [INFO] [1786440562.283461059] [amr2.controller_server]: Controller Server has FollowPath  controllers available.
[rviz2-15] [INFO] [1786440562.299176690] [rviz2]: Stereo is NOT SUPPORTED
[rviz2-15] [INFO] [1786440562.299304681] [rviz2]: OpenGl version: 4.6 (GLSL 4.6)
[lifecycle_manager-13] [INFO] [1786440562.305465275] [amr2.lifecycle_manager_navigation]: [34m[1mConfiguring smoother_server[0m[0m
[smoother_server-7] [INFO] [1786440562.311865951] [amr2.smoother_server]: Configuring smoother server
[rviz2-15] [INFO] [1786440562.328314793] [rviz2]: Stereo is NOT SUPPORTED
[smoother_server-7] [INFO] [1786440562.336934559] [amr2.smoother_server]: Created smoother : simple_smoother of type nav2_smoother::SimpleSmoother
[smoother_server-7] [INFO] [1786440562.339944699] [amr2.smoother_server]: Smoother Server has simple_smoother  smoothers available.
[lifecycle_manager-13] [INFO] [1786440562.352044940] [amr2.lifecycle_manager_navigation]: [34m[1mConfiguring planner_server[0m[0m
[planner_server-8] [INFO] [1786440562.352453650] [amr2.planner_server]: Configuring
[planner_server-8] [INFO] [1786440562.352495208] [amr2.global_costmap.global_costmap]: Configuring
[planner_server-8] [INFO] [1786440562.362372703] [amr2.global_costmap.global_costmap]: Using plugin "static_layer"
[planner_server-8] [INFO] [1786440562.366723037] [amr2.global_costmap.global_costmap]: Subscribing to the map topic (/amr2/map) with transient local durability
[planner_server-8] [INFO] [1786440562.368559546] [amr2.global_costmap.global_costmap]: Initialized plugin "static_layer"
[planner_server-8] [INFO] [1786440562.368584223] [amr2.global_costmap.global_costmap]: Using plugin "obstacle_layer"
[planner_server-8] [INFO] [1786440562.370109866] [amr2.global_costmap.global_costmap]: Subscribed to Topics: scan
[planner_server-8] [INFO] [1786440562.377851488] [amr2.global_costmap.global_costmap]: Initialized plugin "obstacle_layer"
[planner_server-8] [INFO] [1786440562.377883568] [amr2.global_costmap.global_costmap]: Using plugin "inflation_layer"
[planner_server-8] [INFO] [1786440562.380084755] [amr2.global_costmap.global_costmap]: Initialized plugin "inflation_layer"
[planner_server-8] [INFO] [1786440562.398554042] [amr2.planner_server]: Created global planner plugin GridBased of type nav2_navfn_planner/NavfnPlanner
[planner_server-8] [INFO] [1786440562.398605800] [amr2.planner_server]: Configuring plugin GridBased of type NavfnPlanner
[planner_server-8] [INFO] [1786440562.399623407] [amr2.planner_server]: Planner Server has GridBased  planners available.
[planner_server-8] [INFO] [1786440562.402539359] [amr2.global_costmap.global_costmap]: StaticLayer: Resizing costmap to 1528 X 841 at 0.050000 m/pix
[centerline_navigator-14] [INFO] [1786440562.412463712] [amr2.centerline_navigator]: 중앙 경로 노드 준비: AMR footprint radius=0.52m, 회전 progress 제약=OFF, FollowPath 자동 재시도=2회, 1F segment 근접 성공=0.30m, 2F 엘리베이터 전용 근접 성공=0.35m
[lifecycle_manager-13] [INFO] [1786440562.418551589] [amr2.lifecycle_manager_navigation]: [34m[1mConfiguring behavior_server[0m[0m
[behavior_server-9] [INFO] [1786440562.418915394] [amr2.behavior_server]: Configuring
[behavior_server-9] [INFO] [1786440562.430986801] [amr2.behavior_server]: Creating behavior plugin spin of type nav2_behaviors/Spin
[behavior_server-9] [INFO] [1786440562.431621797] [amr2.behavior_server]: Configuring spin
[behavior_server-9] [INFO] [1786440562.441339591] [amr2.behavior_server]: Creating behavior plugin backup of type nav2_behaviors/BackUp
[behavior_server-9] [INFO] [1786440562.441995897] [amr2.behavior_server]: Configuring backup
[behavior_server-9] [INFO] [1786440562.451970024] [amr2.behavior_server]: Creating behavior plugin drive_on_heading of type nav2_behaviors/DriveOnHeading
[behavior_server-9] [INFO] [1786440562.452902831] [amr2.behavior_server]: Configuring drive_on_heading
[behavior_server-9] [INFO] [1786440562.466188686] [amr2.behavior_server]: Creating behavior plugin wait of type nav2_behaviors/Wait
[behavior_server-9] [INFO] [1786440562.466988632] [amr2.behavior_server]: Configuring wait
[lifecycle_manager-13] [INFO] [1786440562.479362469] [amr2.lifecycle_manager_navigation]: [34m[1mConfiguring bt_navigator[0m[0m
[bt_navigator-10] [INFO] [1786440562.479664558] [amr2.bt_navigator]: Configuring
[rviz2-15] [INFO] [1786440562.503600432] [rviz2]: Trying to create a map of size 1528 x 841 using 1 swatches
[rviz2-15] [ERROR] [1786440562.515473085] [rviz2]: Vertex Program:rviz/glsl120/indexed_8bit_image.vert Fragment Program:rviz/glsl120/indexed_8bit_image.frag GLSL link result : 
[rviz2-15] active samplers with a different type refer to the same texture image unit
[world_pose_initializer-5] [INFO] [1786440562.681450672] [amr2.world_pose_initializer]: AMR2 stable world pose confirmed: x=-47.2919, y=26.5713, yaw=0.0deg -> pose lock
[pose_lock_localizer-4] [INFO] [1786440562.684296643] [amr2.pose_lock_localizer]: 초기 위치를 받았습니다. odom TF와 결합해 위치를 잠급니다.
[pose_lock_localizer-4] [INFO] [1786440562.730962961] [amr2.pose_lock_localizer]: 초기 위치 잠금 완료: map->odom x=-47.292, y=26.571, yaw=0.0deg
[world_pose_initializer-5] [INFO] [1786440562.732835678] [amr2.world_pose_initializer]: AMR2 actual-world initial pose locked
[lifecycle_manager-13] [INFO] [1786440562.757187065] [amr2.lifecycle_manager_navigation]: [34m[1mConfiguring waypoint_follower[0m[0m
[waypoint_follower-11] [INFO] [1786440562.757741029] [amr2.waypoint_follower]: Configuring
[centerline_navigator-14] [INFO] [1786440562.805781826] [amr2.centerline_navigator]: 지도 준비: 1528x841, 중앙 경로 격자=764x420, 해상도=0.10m, floor=1F responsive
[waypoint_follower-11] [INFO] [1786440562.814895171] [amr2.waypoint_follower]: Created waypoint_task_executor : wait_at_waypoint of type nav2_waypoint_follower::WaitAtWaypoint
[waypoint_follower-11] [INFO] [1786440562.819038906] [amr2.waypoint_follower]: Waypoint pause duration is set to zero, disabling task executor plugin.
[lifecycle_manager-13] [INFO] [1786440562.820627569] [amr2.lifecycle_manager_navigation]: [34m[1mConfiguring velocity_smoother[0m[0m
[velocity_smoother-12] [INFO] [1786440562.821522675] [amr2.velocity_smoother]: Configuring velocity smoother
[lifecycle_manager-13] [INFO] [1786440562.836733906] [amr2.lifecycle_manager_navigation]: [34m[1mActivating controller_server[0m[0m
[controller_server-6] [INFO] [1786440562.837660301] [amr2.controller_server]: Activating
[controller_server-6] [INFO] [1786440562.838065834] [amr2.local_costmap.local_costmap]: Activating
[controller_server-6] [INFO] [1786440562.838291800] [amr2.local_costmap.local_costmap]: Checking transform
[controller_server-6] [INFO] [1786440562.838749793] [amr2.local_costmap.local_costmap]: start
[rviz2-15] [INFO] [1786440562.984992318] [rviz2]: Trying to create a map of size 120 x 120 using 1 swatches
[controller_server-6] [INFO] [1786440562.992743648] [amr2.controller_server]: Creating bond (controller_server) to lifecycle manager.
[lifecycle_manager-13] [INFO] [1786440562.995563960] [amr2.lifecycle_manager_navigation]: [34m[1mActivating smoother_server[0m[0m
[smoother_server-7] [INFO] [1786440562.995720465] [amr2.smoother_server]: Activating
[smoother_server-7] [INFO] [1786440562.995751383] [amr2.smoother_server]: Creating bond (smoother_server) to lifecycle manager.
[lifecycle_manager-13] [INFO] [1786440562.998584690] [amr2.lifecycle_manager_navigation]: [34m[1mActivating planner_server[0m[0m
[planner_server-8] [INFO] [1786440562.998730354] [amr2.planner_server]: Activating
[planner_server-8] [INFO] [1786440562.998768295] [amr2.global_costmap.global_costmap]: Activating
[planner_server-8] [INFO] [1786440562.998787291] [amr2.global_costmap.global_costmap]: Checking transform
[planner_server-8] [INFO] [1786440562.998883553] [amr2.global_costmap.global_costmap]: start
[planner_server-8] [INFO] [1786440563.550025309] [amr2.planner_server]: Activating plugin GridBased of type NavfnPlanner
[planner_server-8] [INFO] [1786440563.552500942] [amr2.planner_server]: Creating bond (planner_server) to lifecycle manager.
[lifecycle_manager-13] [INFO] [1786440563.555022451] [amr2.lifecycle_manager_navigation]: [34m[1mActivating behavior_server[0m[0m
[behavior_server-9] [INFO] [1786440563.555225354] [amr2.behavior_server]: Activating
[behavior_server-9] [INFO] [1786440563.555250691] [amr2.behavior_server]: Activating spin
[behavior_server-9] [INFO] [1786440563.555262393] [amr2.behavior_server]: Activating backup
[behavior_server-9] [INFO] [1786440563.555270449] [amr2.behavior_server]: Activating drive_on_heading
[behavior_server-9] [INFO] [1786440563.555278073] [amr2.behavior_server]: Activating wait
[behavior_server-9] [INFO] [1786440563.555289965] [amr2.behavior_server]: Creating bond (behavior_server) to lifecycle manager.
[lifecycle_manager-13] [INFO] [1786440563.558053070] [amr2.lifecycle_manager_navigation]: [34m[1mActivating bt_navigator[0m[0m
[bt_navigator-10] [INFO] [1786440563.558185469] [amr2.bt_navigator]: Activating
[rviz2-15] [INFO] [1786440563.562041142] [rviz2]: Trying to create a map of size 1528 x 841 using 1 swatches
[bt_navigator-10] [INFO] [1786440563.635257167] [amr2.bt_navigator]: Creating bond (bt_navigator) to lifecycle manager.
[lifecycle_manager-13] [INFO] [1786440563.637994453] [amr2.lifecycle_manager_navigation]: [34m[1mActivating waypoint_follower[0m[0m
[waypoint_follower-11] [INFO] [1786440563.638175103] [amr2.waypoint_follower]: Activating
[waypoint_follower-11] [INFO] [1786440563.638211481] [amr2.waypoint_follower]: Creating bond (waypoint_follower) to lifecycle manager.
[lifecycle_manager-13] [INFO] [1786440563.640939169] [amr2.lifecycle_manager_navigation]: [34m[1mActivating velocity_smoother[0m[0m
[velocity_smoother-12] [INFO] [1786440563.641199619] [amr2.velocity_smoother]: Activating
[velocity_smoother-12] [INFO] [1786440563.641256777] [amr2.velocity_smoother]: Creating bond (velocity_smoother) to lifecycle manager.
[lifecycle_manager-13] [INFO] [1786440563.643976700] [amr2.lifecycle_manager_navigation]: [34m[1mManaged nodes are active[0m[0m
[rviz2-15] [INFO] [1786440572.478022586] [amr2.rviz2]: Message Filter dropping message: frame 'amr2/base_scan' at time 33.374 for reason 'the timestamp on the message is earlier than all the data in the transform cache'
[centerline_navigator-14] [INFO] [1786440575.857776663] [amr2.centerline_navigator]: 강제 중앙 경로 생성: 요청=(-24.73,10.63) 보정=(-24.78,10.68), 직선구간=6, 벽 여유=0.52m
[centerline_navigator-14] [INFO] [1786440575.858804158] [amr2.centerline_navigator]: 회전 시작(segment): 목표 yaw=0.0011rad, 위치 progress 조건 없이 cmd_vel을 계속 재전송합니다.
[centerline_navigator-14] [INFO] [1786440575.949454199] [amr2.centerline_navigator]: 회전 완료(segment): yaw 오차=0.06도
[controller_server-6] [INFO] [1786440576.140165866] [amr2.controller_server]: Received a goal, begin computing control effort.
[centerline_navigator-14] [INFO] [1786440576.140206182] [amr2.centerline_navigator]: 직선 구간 1/6 이동 시작
[controller_server-6] [INFO] [1786440584.411242192] [amr2.controller_server]: Reached the goal!
[centerline_navigator-14] [INFO] [1786440584.412144963] [amr2.centerline_navigator]: 코너 도착: 짧게 정지 후 다음 방향으로 바로 회전합니다.
[centerline_navigator-14] [INFO] [1786440585.048082141] [amr2.centerline_navigator]: 회전 시작(segment): 목표 yaw=-1.5708rad, 위치 progress 조건 없이 cmd_vel을 계속 재전송합니다.
[centerline_navigator-14] [INFO] [1786440590.851191124] [amr2.centerline_navigator]: 회전 완료(segment): yaw 오차=-1.18도
[controller_server-6] [INFO] [1786440591.056507195] [amr2.controller_server]: Received a goal, begin computing control effort.
[centerline_navigator-14] [INFO] [1786440591.056709677] [amr2.centerline_navigator]: 직선 구간 2/6 이동 시작
[controller_server-6] [INFO] [1786440596.327578359] [amr2.controller_server]: Reached the goal!
[centerline_navigator-14] [INFO] [1786440596.328495156] [amr2.centerline_navigator]: 코너 도착: 짧게 정지 후 다음 방향으로 바로 회전합니다.
[centerline_navigator-14] [INFO] [1786440596.938039353] [amr2.centerline_navigator]: 회전 시작(segment): 목표 yaw=0.0000rad, 위치 progress 조건 없이 cmd_vel을 계속 재전송합니다.
[centerline_navigator-14] [INFO] [1786440600.986079395] [amr2.centerline_navigator]: 회전 완료(segment): yaw 오차=0.92도
[controller_server-6] [INFO] [1786440601.157251416] [amr2.controller_server]: Received a goal, begin computing control effort.
[centerline_navigator-14] [INFO] [1786440601.157467813] [amr2.centerline_navigator]: 직선 구간 3/6 이동 시작
[controller_server-6] [INFO] [1786440609.695174634] [amr2.controller_server]: Reached the goal!
[centerline_navigator-14] [INFO] [1786440609.696326343] [amr2.centerline_navigator]: 코너 도착: 짧게 정지 후 다음 방향으로 바로 회전합니다.
[centerline_navigator-14] [INFO] [1786440610.340862788] [amr2.centerline_navigator]: 회전 시작(segment): 목표 yaw=-1.5708rad, 위치 progress 조건 없이 cmd_vel을 계속 재전송합니다.
[centerline_navigator-14] [INFO] [1786440613.557453925] [amr2.centerline_navigator]: 회전 완료(segment): yaw 오차=-1.74도
[controller_server-6] [INFO] [1786440613.757137162] [amr2.controller_server]: Received a goal, begin computing control effort.
[centerline_navigator-14] [INFO] [1786440613.757309326] [amr2.centerline_navigator]: 직선 구간 4/6 이동 시작
[controller_server-6] [INFO] [1786440635.028129391] [amr2.controller_server]: Reached the goal!
[centerline_navigator-14] [INFO] [1786440635.028982276] [amr2.centerline_navigator]: 코너 도착: 짧게 정지 후 다음 방향으로 바로 회전합니다.
[centerline_navigator-14] [INFO] [1786440635.658194490] [amr2.centerline_navigator]: 회전 시작(segment): 목표 yaw=0.0000rad, 위치 progress 조건 없이 cmd_vel을 계속 재전송합니다.
[centerline_navigator-14] [INFO] [1786440640.198629785] [amr2.centerline_navigator]: 회전 완료(segment): yaw 오차=1.17도
[controller_server-6] [INFO] [1786440640.405832938] [amr2.controller_server]: Received a goal, begin computing control effort.
[centerline_navigator-14] [INFO] [1786440640.406017806] [amr2.centerline_navigator]: 직선 구간 5/6 이동 시작
[controller_server-6] [INFO] [1786440663.943958107] [amr2.controller_server]: Reached the goal!
[centerline_navigator-14] [INFO] [1786440663.944943122] [amr2.centerline_navigator]: 코너 도착: 짧게 정지 후 다음 방향으로 바로 회전합니다.
[centerline_navigator-14] [INFO] [1786440664.596470696] [amr2.centerline_navigator]: 회전 시작(segment): 목표 yaw=-1.5708rad, 위치 progress 조건 없이 cmd_vel을 계속 재전송합니다.
[centerline_navigator-14] [INFO] [1786440670.739922022] [amr2.centerline_navigator]: 회전 완료(segment): yaw 오차=-1.44도
[controller_server-6] [INFO] [1786440670.891049718] [amr2.controller_server]: Received a goal, begin computing control effort.
[centerline_navigator-14] [INFO] [1786440670.891275463] [amr2.centerline_navigator]: 직선 구간 6/6 이동 시작
[controller_server-6] [INFO] [1786440676.362686177] [amr2.controller_server]: Reached the goal!
[centerline_navigator-14] [INFO] [1786440676.363855618] [amr2.centerline_navigator]: 마지막 직선 구간 도착: 짧게 정지 후 최종 yaw를 별도 회전으로 맞춥니다.
[centerline_navigator-14] [INFO] [1786440676.991806932] [amr2.centerline_navigator]: 회전 시작(final): 목표 yaw=-0.0030rad, 위치 progress 조건 없이 cmd_vel을 계속 재전송합니다.
[centerline_navigator-14] [INFO] [1786440681.438565637] [amr2.centerline_navigator]: 회전 완료(final): yaw 오차=1.77도
[centerline_navigator-14] [INFO] [1786440681.439016395] [amr2.centerline_navigator]: 목적지 도착 완료: 추가 동작 없이 정지합니다.
[INFO] [rviz2-15]: process has finished cleanly [pid 339147]
